
=== round 1: 129 missing, 3 workers ===
  ERR ANSS: Too Many Requests. Rate limited. Try after a while.
  ERR MMC: Too Many Requests. Rate limited. Try after a while.
  ERR DFS: Too Many Requests. Rate limited. Try after a while.
  ERR MMC: Too Many Requests. Rate limited. Try after a while.
  ERR ANSS: Too Many Requests. Rate limited. Try after a while.
  ERR DFS: Too Many Requests. Rate limited. Try after a while.
  ERR ANSS: Too Many Requests. Rate limited. Try after a while.
  ERR MMC: Too Many Requests. Rate limited. Try after a while.
  ERR DFS: Too Many Requests. Rate limited. Try after a while.
HTTP Error 404: {"quoteSummary":{"result":null,"error":{"code":"Not Found","description":"Quote not found for symbol: ANSS"}}}
$MMC: possibly delisted; no price data found  (period=1y) (Yahoo error = "No data found, symbol may be delisted")
$DFS: possibly delisted; no price data found  (period=1y) (Yahoo error = "No data found, symbol may be delisted")
$ANSS: possibly delisted; no price data found  (period=1y) (Yahoo error = "No data found, symbol may be delisted")
  [1/129] MMC: FAIL
  [2/129] DFS: FAIL
  [3/129] ANSS: FAIL
$RE: possibly delisted; no price data found  (period=1y) (Yahoo error = "No data found, symbol may be delisted")
$BK: possibly delisted; no price data found  (period=1y) (Yahoo error = "No data found, symbol may be delisted")
$HOLX: possibly delisted; no price data found  (period=1y) (Yahoo error = "No data found, symbol may be delisted")
$BK: possibly delisted; no price data found  (period=1y) (Yahoo error = "No data found, symbol may be delisted")
$RE: possibly delisted; no price data found  (period=1y) (Yahoo error = "No data found, symbol may be delisted")
$HOLX: possibly delisted; no price data found  (period=1y) (Yahoo error = "No data found, symbol may be delisted")
$BK: possibly delisted; no price data found  (period=1y) (Yahoo error = "No data found, symbol may be delisted")
$RE: possibly delisted; no price data found  (period=1y) (Yahoo error = "No data found, symbol may be delisted")
$HOLX: possibly delisted; no price data found  (period=1y) (Yahoo error = "No data found, symbol may be delisted")
$BK: possibly delisted; no price data found  (period=1y) (Yahoo error = "No data found, symbol may be delisted")
$RE: possibly delisted; no price data found  (period=1y) (Yahoo error = "No data found, symbol may be delisted")
$HOLX: possibly delisted; no price data found  (period=1y) (Yahoo error = "No data found, symbol may be delisted")
  [4/129] BK: FAIL
  [5/129] RE: FAIL
  [6/129] HOLX: FAIL
$CTLT: possibly delisted; no price data found  (period=1y) (Yahoo error = "No data found, symbol may be delisted")
$HES: possibly delisted; no price data found  (period=1y) (Yahoo error = "No data found, symbol may be delisted")
$MRO: possibly delisted; no price data found  (period=1y) (Yahoo error = "No data found, symbol may be delisted")
$CTLT: possibly delisted; no price data found  (period=1y) (Yahoo error = "No data found, symbol may be delisted")
$HES: possibly delisted; no price data found  (period=1y) (Yahoo error = "No data found, symbol may be delisted")
$MRO: possibly delisted; no price data found  (period=1y) (Yahoo error = "No data found, symbol may be delisted")
$CTLT: possibly delisted; no price data found  (period=1y) (Yahoo error = "No data found, symbol may be delisted")
$HES: possibly delisted; no price data found  (period=1y) (Yahoo error = "No data found, symbol may be delisted")
$MRO: possibly delisted; no price data found  (period=1y) (Yahoo error = "No data found, symbol may be delisted")
$CTLT: possibly delisted; no price data found  (period=1y) (Yahoo error = "No data found, symbol may be delisted")
$HES: possibly delisted; no price data found  (period=1y) (Yahoo error = "No data found, symbol may be delisted")
$MRO: possibly delisted; no price data found  (period=1y) (Yahoo error = "No data found, symbol may be delisted")
  [7/129] CTLT: FAIL
  [8/129] HES: FAIL
$CTRA: possibly delisted; no price data found  (period=1y) (Yahoo error = "No data found, symbol may be delisted")
  [9/129] MRO: FAIL
$SKX: possibly delisted; no price data found  (period=1y) (Yahoo error = "No data found, symbol may be delisted")
$K: possibly delisted; no price data found  (period=1y) (Yahoo error = "No data found, symbol may be delisted")
$CTRA: possibly delisted; no price data found  (period=1y) (Yahoo error = "No data found, symbol may be delisted")
$SKX: possibly delisted; no price data found  (period=1y) (Yahoo error = "No data found, symbol may be delisted")
$K: possibly delisted; no price data found  (period=1y) (Yahoo error = "No data found, symbol may be delisted")
$CTRA: possibly delisted; no price data found  (period=1y) (Yahoo error = "No data found, symbol may be delisted")
$SKX: possibly delisted; no price data found  (period=1y) (Yahoo error = "No data found, symbol may be delisted")
$K: possibly delisted; no price data found  (period=1y) (Yahoo error = "No data found, symbol may be delisted")
$CTRA: possibly delisted; no price data found  (period=1y) (Yahoo error = "No data found, symbol may be delisted")
$SKX: possibly delisted; no price data found  (period=1y) (Yahoo error = "No data found, symbol may be delisted")
$K: possibly delisted; no price data found  (period=1y) (Yahoo error = "No data found, symbol may be delisted")
  [10/129] CTRA: FAIL
  [11/129] SKX: FAIL
$MPW: possibly delisted; no price data found  (period=1y) (Yahoo error = "No data found, symbol may be delisted")
$SBA: possibly delisted; no price data found  (period=1y) (Yahoo error = "No data found, symbol may be delisted")
  [12/129] K: FAIL
  [13/129] EMN: 86 STRONG BUY px=73.9
  [14/129] CE: 35 WEAK px=45.24
$MPW: possibly delisted; no price data found  (period=1y) (Yahoo error = "No data found, symbol may be delisted")
$SBA: possibly delisted; no price data found  (period=1y) (Yahoo error = "No data found, symbol may be delisted")
  [15/129] AVY: 80 STRONG BUY px=173.3
  [16/129] IP: 73 WATCH px=42.31
  [17/129] PKG: 91 STRONG BUY px=255.48
  [18/129] BALL: 85 STRONG BUY px=63.75
  [19/129] SON: 89 STRONG BUY px=58.62
$SEE: possibly delisted; no price data found  (period=1y) (Yahoo error = "No data found, symbol may be delisted")
$MPW: possibly delisted; no price data found  (period=1y) (Yahoo error = "No data found, symbol may be delisted")
$SBA: possibly delisted; no price data found  (period=1y) (Yahoo error = "No data found, symbol may be delisted")
$SEE: possibly delisted; no price data found  (period=1y) (Yahoo error = "No data found, symbol may be delisted")
$SEE: possibly delisted; no price data found  (period=1y) (Yahoo error = "No data found, symbol may be delisted")
$MPW: possibly delisted; no price data found  (period=1y) (Yahoo error = "No data found, symbol may be delisted")
$SBA: possibly delisted; no price data found  (period=1y) (Yahoo error = "No data found, symbol may be delisted")
$SEE: possibly delisted; no price data found  (period=1y) (Yahoo error = "No data found, symbol may be delisted")
  [20/129] MPW: FAIL
  [21/129] SBA: FAIL
  [22/129] ALB: 18 WEAK px=120.82
  [23/129] RPM: 67 WATCH px=115.09
  [24/129] ASH: 91 STRONG BUY px=72.32
  [25/129] OLN: 26 WEAK px=19.05
  [26/129] MLM: 36 WEAK px=555.82
  [27/129] VMC: 33 WEAK px=285.1
  [28/129] RS: 92 STRONG BUY px=414.91
  [29/129] STLD: 81 STRONG BUY px=265.1
  [30/129] CLF: 60 WATCH px=12.31
  [31/129] CMC: 87 STRONG BUY px=72.63
$PARA: possibly delisted; no price data found  (period=1y) (Yahoo error = "No data found, symbol may be delisted")
  [32/129] DIS: 64 WATCH px=98.18
  [33/129] VZ: 66 WATCH px=46.88
  [34/129] SEE: FAIL
  [35/129] T: 50 WEAK px=23.38
  [36/129] TTWO: 30 WEAK px=240.22
  [37/129] TMUS: 39 WEAK px=177.21
$PARA: possibly delisted; no price data found  (period=1y) (Yahoo error = "No data found, symbol may be delisted")
$IPG: possibly delisted; no price data found  (period=1y) (Yahoo error = "No data found, symbol may be delisted")
  [38/129] OMC: 87 STRONG BUY px=81.81
  [39/129] NWSA: 69 WATCH px=28.59
  [40/129] FOXA: 82 STRONG BUY px=59.08
$IPG: possibly delisted; no price data found  (period=1y) (Yahoo error = "No data found, symbol may be delisted")
  [41/129] FOX: 65 WATCH px=52.82
$PARA: possibly delisted; no price data found  (period=1y) (Yahoo error = "No data found, symbol may be delisted")
$IPG: possibly delisted; no price data found  (period=1y) (Yahoo error = "No data found, symbol may be delisted")
$PARA: possibly delisted; no price data found  (period=1y) (Yahoo error = "No data found, symbol may be delisted")
$IPG: possibly delisted; no price data found  (period=1y) (Yahoo error = "No data found, symbol may be delisted")
  [42/129] PARA: FAIL
  [43/129] MTCH: 92 STRONG BUY px=41.24
  [44/129] LYFT: 62 WATCH px=16.73
  [45/129] UBER: 48 WEAK px=71.99
  [46/129] SNAP: 66 WATCH px=5.79
  [47/129] PINS: 86 STRONG BUY px=25.58
  [48/129] RBLX: 28 WEAK px=37.0
  [49/129] IPG: FAIL
  [50/129] HOOD: 32 WEAK px=93.51
  [51/129] COIN: 25 WEAK px=150.73
  [52/129] SPOT: 57 WATCH px=478.17
  [53/129] SHOP: 34 WEAK px=123.3
  [54/129] SE: 74 WATCH px=111.44
  [55/129] IAC: FAIL
  [56/129] BIDU: 59 WATCH px=112.58
  [57/129] OKTA: 86 STRONG BUY px=147.82
  [58/129] SNOW: 87 STRONG BUY px=316.77
  [59/129] RIVN: 38 WEAK px=15.76
  [60/129] DOCU: 59 WATCH px=57.54
  [61/129] PLTR: 87 STRONG BUY px=162.66
  [62/129] TSM: 42 WEAK px=417.17
  [63/129] ARM: 54 WEAK px=280.56
  [64/129] ASML: 41 WEAK px=1711.89
  [65/129] NVO: 48 WEAK px=44.28
  [66/129] SOUN: 43 WEAK px=6.51
  [67/129] IONQ: 45 WEAK px=41.72
  [68/129] JOBY: 26 WEAK px=7.97
  [69/129] RKLB: 33 WEAK px=74.48
  [70/129] ACHR: 51 WEAK px=5.31
  [71/129] QBTS: 34 WEAK px=21.83
  [72/129] RGTI: 44 WEAK px=17.45
  [73/129] LUNR: 56 WATCH px=13.96
  [74/129] CELH: 57 WATCH px=29.54
  [75/129] SNDK: 23 WEAK px=1427.62
HTTP Error 404: {"quoteSummary":{"result":null,"error":{"code":"Not Found","description":"No fundamentals data found for symbol: SPY"}}}
HTTP Error 404: {"quoteSummary":{"result":null,"error":{"code":"Not Found","description":"No fundamentals data found for symbol: SPY"}}}
  [76/129] SPY: 91 STRONG BUY px=771.33
HTTP Error 404: {"quoteSummary":{"result":null,"error":{"code":"Not Found","description":"No fundamentals data found for symbol: QQQ"}}}
HTTP Error 404: {"quoteSummary":{"result":null,"error":{"code":"Not Found","description":"No fundamentals data found for symbol: IWM"}}}
HTTP Error 404: {"quoteSummary":{"result":null,"error":{"code":"Not Found","description":"No fundamentals data found for symbol: QQQ"}}}
  [77/129] QQQ: 82 STRONG BUY px=723.85
HTTP Error 404: {"quoteSummary":{"result":null,"error":{"code":"Not Found","description":"No fundamentals data found for symbol: IWM"}}}
  [78/129] IWM: 71 WATCH px=301.71
HTTP Error 404: {"quoteSummary":{"result":null,"error":{"code":"Not Found","description":"No fundamentals data found for symbol: DIA"}}}
HTTP Error 404: {"quoteSummary":{"result":null,"error":{"code":"Not Found","description":"No fundamentals data found for symbol: DIA"}}}
  [79/129] DIA: 90 STRONG BUY px=540.43
HTTP Error 404: {"quoteSummary":{"result":null,"error":{"code":"Not Found","description":"No fundamentals data found for symbol: VOO"}}}
HTTP Error 404: {"quoteSummary":{"result":null,"error":{"code":"Not Found","description":"No fundamentals data found for symbol: VTI"}}}
HTTP Error 404: {"quoteSummary":{"result":null,"error":{"code":"Not Found","description":"No fundamentals data found for symbol: VOO"}}}
  [80/129] VOO: 90 STRONG BUY px=708.98
HTTP Error 404: {"quoteSummary":{"result":null,"error":{"code":"Not Found","description":"No fundamentals data found for symbol: VTI"}}}
  [81/129] VTI: 90 STRONG BUY px=380.82
HTTP Error 404: {"quoteSummary":{"result":null,"error":{"code":"Not Found","description":"No fundamentals data found for symbol: VEA"}}}
HTTP Error 404: {"quoteSummary":{"result":null,"error":{"code":"Not Found","description":"No fundamentals data found for symbol: VEA"}}}
  [82/129] VEA: 87 STRONG BUY px=72.22
HTTP Error 404: {"quoteSummary":{"result":null,"error":{"code":"Not Found","description":"No fundamentals data found for symbol: GLD"}}}
HTTP Error 404: {"quoteSummary":{"result":null,"error":{"code":"Not Found","description":"No fundamentals data found for symbol: VWO"}}}
HTTP Error 404: {"quoteSummary":{"result":null,"error":{"code":"Not Found","description":"No fundamentals data found for symbol: GLD"}}}
  [83/129] GLD: 55 WATCH px=374.16
HTTP Error 404: {"quoteSummary":{"result":null,"error":{"code":"Not Found","description":"No fundamentals data found for symbol: VWO"}}}
  [84/129] VWO: 90 STRONG BUY px=60.05
HTTP Error 404: {"quoteSummary":{"result":null,"error":{"code":"Not Found","description":"No fundamentals data found for symbol: SLV"}}}
HTTP Error 404: {"quoteSummary":{"result":null,"error":{"code":"Not Found","description":"No fundamentals data found for symbol: SLV"}}}
  [85/129] SLV: 44 WEAK px=53.84
HTTP Error 404: {"quoteSummary":{"result":null,"error":{"code":"Not Found","description":"No fundamentals data found for symbol: IEF"}}}
HTTP Error 404: {"quoteSummary":{"result":null,"error":{"code":"Not Found","description":"No fundamentals data found for symbol: TLT"}}}
HTTP Error 404: {"quoteSummary":{"result":null,"error":{"code":"Not Found","description":"No fundamentals data found for symbol: IEF"}}}
HTTP Error 404: {"quoteSummary":{"result":null,"error":{"code":"Not Found","description":"No fundamentals data found for symbol: TLT"}}}
  [86/129] TLT: 24 WEAK px=82.82
  [87/129] IEF: 20 WEAK px=93.25
HTTP Error 404: {"quoteSummary":{"result":null,"error":{"code":"Not Found","description":"No fundamentals data found for symbol: HYG"}}}
HTTP Error 404: {"quoteSummary":{"result":null,"error":{"code":"Not Found","description":"No fundamentals data found for symbol: XLK"}}}
HTTP Error 404: {"quoteSummary":{"result":null,"error":{"code":"Not Found","description":"No fundamentals data found for symbol: HYG"}}}
  [88/129] HYG: 59 WATCH px=79.55
HTTP Error 404: {"quoteSummary":{"result":null,"error":{"code":"Not Found","description":"No fundamentals data found for symbol: XLK"}}}
  [89/129] XLK: 86 STRONG BUY px=186.9
HTTP Error 404: {"quoteSummary":{"result":null,"error":{"code":"Not Found","description":"No fundamentals data found for symbol: LQD"}}}
HTTP Error 404: {"quoteSummary":{"result":null,"error":{"code":"Not Found","description":"No fundamentals data found for symbol: LQD"}}}
  [90/129] LQD: 19 WEAK px=106.76
HTTP Error 404: {"quoteSummary":{"result":null,"error":{"code":"Not Found","description":"No fundamentals data found for symbol: XLF"}}}
HTTP Error 404: {"quoteSummary":{"result":null,"error":{"code":"Not Found","description":"No fundamentals data found for symbol: XLF"}}}
  [91/129] XLF: 40 WEAK px=57.88
HTTP Error 404: {"quoteSummary":{"result":null,"error":{"code":"Not Found","description":"No fundamentals data found for symbol: XLV"}}}
HTTP Error 404: {"quoteSummary":{"result":null,"error":{"code":"Not Found","description":"No fundamentals data found for symbol: XLE"}}}
HTTP Error 404: {"quoteSummary":{"result":null,"error":{"code":"Not Found","description":"No fundamentals data found for symbol: XLV"}}}
  [92/129] XLV: 74 WATCH px=162.1
HTTP Error 404: {"quoteSummary":{"result":null,"error":{"code":"Not Found","description":"No fundamentals data found for symbol: XLE"}}}
  [93/129] XLE: 90 STRONG BUY px=58.52
HTTP Error 404: {"quoteSummary":{"result":null,"error":{"code":"Not Found","description":"No fundamentals data found for symbol: XLI"}}}
HTTP Error 404: {"quoteSummary":{"result":null,"error":{"code":"Not Found","description":"No fundamentals data found for symbol: XLI"}}}
  [94/129] XLI: 92 STRONG BUY px=186.4
HTTP Error 404: {"quoteSummary":{"result":null,"error":{"code":"Not Found","description":"No fundamentals data found for symbol: XLC"}}}
HTTP Error 404: {"quoteSummary":{"result":null,"error":{"code":"Not Found","description":"No fundamentals data found for symbol: XLP"}}}
HTTP Error 404: {"quoteSummary":{"result":null,"error":{"code":"Not Found","description":"No fundamentals data found for symbol: XLC"}}}
  [95/129] XLC: 48 WEAK px=112.04
HTTP Error 404: {"quoteSummary":{"result":null,"error":{"code":"Not Found","description":"No fundamentals data found for symbol: XLP"}}}
  [96/129] XLP: 86 STRONG BUY px=85.37
HTTP Error 404: {"quoteSummary":{"result":null,"error":{"code":"Not Found","description":"No fundamentals data found for symbol: XLU"}}}
HTTP Error 404: {"quoteSummary":{"result":null,"error":{"code":"Not Found","description":"No fundamentals data found for symbol: XLU"}}}
  [97/129] XLU: 52 WEAK px=44.11
HTTP Error 404: {"quoteSummary":{"result":null,"error":{"code":"Not Found","description":"No fundamentals data found for symbol: XLRE"}}}
HTTP Error 404: {"quoteSummary":{"result":null,"error":{"code":"Not Found","description":"No fundamentals data found for symbol: XLY"}}}
HTTP Error 404: {"quoteSummary":{"result":null,"error":{"code":"Not Found","description":"No fundamentals data found for symbol: XLRE"}}}
  [98/129] XLRE: 90 STRONG BUY px=45.17
HTTP Error 404: {"quoteSummary":{"result":null,"error":{"code":"Not Found","description":"No fundamentals data found for symbol: XLY"}}}
  [99/129] XLY: 50 WEAK px=118.29
HTTP Error 404: {"quoteSummary":{"result":null,"error":{"code":"Not Found","description":"No fundamentals data found for symbol: XLB"}}}
HTTP Error 404: {"quoteSummary":{"result":null,"error":{"code":"Not Found","description":"No fundamentals data found for symbol: XLB"}}}
HTTP Error 404: {"quoteSummary":{"result":null,"error":{"code":"Not Found","description":"No fundamentals data found for symbol: IBB"}}}
  [100/129] XLB: 89 STRONG BUY px=52.0
HTTP Error 404: {"quoteSummary":{"result":null,"error":{"code":"Not Found","description":"No fundamentals data found for symbol: SMH"}}}
HTTP Error 404: {"quoteSummary":{"result":null,"error":{"code":"Not Found","description":"No fundamentals data found for symbol: IBB"}}}
  [101/129] IBB: 89 STRONG BUY px=190.15
HTTP Error 404: {"quoteSummary":{"result":null,"error":{"code":"Not Found","description":"No fundamentals data found for symbol: SMH"}}}
  [102/129] SMH: 22 WEAK px=575.71
HTTP Error 404: {"quoteSummary":{"result":null,"error":{"code":"Not Found","description":"No fundamentals data found for symbol: XBI"}}}
HTTP Error 404: {"quoteSummary":{"result":null,"error":{"code":"Not Found","description":"No fundamentals data found for symbol: XOP"}}}
HTTP Error 404: {"quoteSummary":{"result":null,"error":{"code":"Not Found","description":"No fundamentals data found for symbol: XBI"}}}
  [103/129] XBI: 73 WATCH px=151.88
HTTP Error 404: {"quoteSummary":{"result":null,"error":{"code":"Not Found","description":"No fundamentals data found for symbol: XOP"}}}
  [104/129] XOP: 85 STRONG BUY px=171.95
HTTP Error 404: {"quoteSummary":{"result":null,"error":{"code":"Not Found","description":"No fundamentals data found for symbol: ARKK"}}}
HTTP Error 404: {"quoteSummary":{"result":null,"error":{"code":"Not Found","description":"No fundamentals data found for symbol: ARKK"}}}
  [105/129] ARKK: 34 WEAK px=76.76
HTTP Error 404: {"quoteSummary":{"result":null,"error":{"code":"Not Found","description":"No fundamentals data found for symbol: ARKG"}}}
HTTP Error 404: {"quoteSummary":{"result":null,"error":{"code":"Not Found","description":"No fundamentals data found for symbol: ARKW"}}}
HTTP Error 404: {"quoteSummary":{"result":null,"error":{"code":"Not Found","description":"No fundamentals data found for symbol: ARKW"}}}
  [106/129] ARKW: 43 WEAK px=147.02
HTTP Error 404: {"quoteSummary":{"result":null,"error":{"code":"Not Found","description":"No fundamentals data found for symbol: ARKG"}}}
  [107/129] ARKG: 56 WATCH px=40.7
  [108/129] SPCX: 49 WEAK px=125.33
  [109/129] ALAB: 87 STRONG BUY px=361.67
  [110/129] AMKR: 35 WEAK px=55.87
  [111/129] APLD: 46 WEAK px=31.27
  [112/129] APP: 47 WEAK px=419.7
  [113/129] COCO: 52 WEAK px=64.38
  [114/129] DELL: 91 STRONG BUY px=467.27
  [115/129] DIOD: 25 WEAK px=88.29
  [116/129] DOCN: 61 WATCH px=128.89
HTTP Error 404: {"quoteSummary":{"result":null,"error":{"code":"Not Found","description":"No fundamentals data found for symbol: DRAM"}}}
  [117/129] FLEX: 43 WEAK px=126.71
  [118/129] ICHR: 34 WEAK px=71.27
HTTP Error 404: {"quoteSummary":{"result":null,"error":{"code":"Not Found","description":"No fundamentals data found for symbol: DRAM"}}}
  [119/129] DRAM: 12 WEAK px=54.89
  [120/129] LUV: 87 STRONG BUY px=48.7
  [121/129] IREN: 34 WEAK px=40.85
  [122/129] LQDA: 94 STRONG BUY px=88.38
  [123/129] MXL: 31 WEAK px=72.72
  [124/129] PRTH: 62 WATCH px=6.71
HTTP Error 404: {"quoteSummary":{"result":null,"error":{"code":"Not Found","description":"No fundamentals data found for symbol: QLD"}}}
HTTP Error 404: {"quoteSummary":{"result":null,"error":{"code":"Not Found","description":"No fundamentals data found for symbol: QLD"}}}
  [125/129] QLD: 72 WATCH px=92.46
  [126/129] RBRK: 74 WATCH px=80.99
HTTP Error 404: {"quoteSummary":{"result":null,"error":{"code":"Not Found","description":"No fundamentals data found for symbol: SSO"}}}
HTTP Error 404: {"quoteSummary":{"result":null,"error":{"code":"Not Found","description":"No fundamentals data found for symbol: SSO"}}}
  [127/129] SSO: 91 STRONG BUY px=71.39
  [128/129] VRT: 34 WEAK px=269.93
  [129/129] SWBI: 79 STRONG BUY px=14.97
  ok  appended 111 -> 523 rows total
  round 1: recovered 111, still failing 18

=== round 2: 18 missing, 3 workers ===
$MMC: possibly delisted; no price data found  (period=1y) (Yahoo error = "No data found, symbol may be delisted")
$ANSS: possibly delisted; no price data found  (period=1y) (Yahoo error = "No data found, symbol may be delisted")
$DFS: possibly delisted; no price data found  (period=1y) (Yahoo error = "No data found, symbol may be delisted")
$MMC: possibly delisted; no price data found  (period=1y) (Yahoo error = "No data found, symbol may be delisted")
$DFS: possibly delisted; no price data found  (period=1y) (Yahoo error = "No data found, symbol may be delisted")
$ANSS: possibly delisted; no price data found  (period=1y) (Yahoo error = "No data found, symbol may be delisted")
$MMC: possibly delisted; no price data found  (period=1y) (Yahoo error = "No data found, symbol may be delisted")
$DFS: possibly delisted; no price data found  (period=1y) (Yahoo error = "No data found, symbol may be delisted")
$ANSS: possibly delisted; no price data found  (period=1y) (Yahoo error = "No data found, symbol may be delisted")
$MMC: possibly delisted; no price data found  (period=1y) (Yahoo error = "No data found, symbol may be delisted")
$ANSS: possibly delisted; no price data found  (period=1y) (Yahoo error = "No data found, symbol may be delisted")
$DFS: possibly delisted; no price data found  (period=1y) (Yahoo error = "No data found, symbol may be delisted")
  [1/18] MMC: FAIL
  [2/18] ANSS: FAIL
$BK: possibly delisted; no price data found  (period=1y) (Yahoo error = "No data found, symbol may be delisted")
  [3/18] DFS: FAIL
$HOLX: possibly delisted; no price data found  (period=1y) (Yahoo error = "No data found, symbol may be delisted")
$RE: possibly delisted; no price data found  (period=1y) (Yahoo error = "No data found, symbol may be delisted")
$BK: possibly delisted; no price data found  (period=1y) (Yahoo error = "No data found, symbol may be delisted")
$HOLX: possibly delisted; no price data found  (period=1y) (Yahoo error = "No data found, symbol may be delisted")
$RE: possibly delisted; no price data found  (period=1y) (Yahoo error = "No data found, symbol may be delisted")
$BK: possibly delisted; no price data found  (period=1y) (Yahoo error = "No data found, symbol may be delisted")
$HOLX: possibly delisted; no price data found  (period=1y) (Yahoo error = "No data found, symbol may be delisted")
$RE: possibly delisted; no price data found  (period=1y) (Yahoo error = "No data found, symbol may be delisted")
$BK: possibly delisted; no price data found  (period=1y) (Yahoo error = "No data found, symbol may be delisted")
$HOLX: possibly delisted; no price data found  (period=1y) (Yahoo error = "No data found, symbol may be delisted")
$RE: possibly delisted; no price data found  (period=1y) (Yahoo error = "No data found, symbol may be delisted")
  [4/18] BK: FAIL
  [5/18] HOLX: FAIL
  [6/18] RE: FAIL
$CTLT: possibly delisted; no price data found  (period=1y) (Yahoo error = "No data found, symbol may be delisted")
$HES: possibly delisted; no price data found  (period=1y) (Yahoo error = "No data found, symbol may be delisted")
$MRO: possibly delisted; no price data found  (period=1y) (Yahoo error = "No data found, symbol may be delisted")
$CTLT: possibly delisted; no price data found  (period=1y) (Yahoo error = "No data found, symbol may be delisted")
$HES: possibly delisted; no price data found  (period=1y) (Yahoo error = "No data found, symbol may be delisted")
$MRO: possibly delisted; no price data found  (period=1y) (Yahoo error = "No data found, symbol may be delisted")
$CTLT: possibly delisted; no price data found  (period=1y) (Yahoo error = "No data found, symbol may be delisted")
$HES: possibly delisted; no price data found  (period=1y) (Yahoo error = "No data found, symbol may be delisted")
$MRO: possibly delisted; no price data found  (period=1y) (Yahoo error = "No data found, symbol may be delisted")
$CTLT: possibly delisted; no price data found  (period=1y) (Yahoo error = "No data found, symbol may be delisted")
$HES: possibly delisted; no price data found  (period=1y) (Yahoo error = "No data found, symbol may be delisted")
$MRO: possibly delisted; no price data found  (period=1y) (Yahoo error = "No data found, symbol may be delisted")
  [7/18] CTLT: FAIL
$CTRA: possibly delisted; no price data found  (period=1y) (Yahoo error = "No data found, symbol may be delisted")
  [8/18] HES: FAIL
  [9/18] MRO: FAIL
$SKX: possibly delisted; no price data found  (period=1y) (Yahoo error = "No data found, symbol may be delisted")
$K: possibly delisted; no price data found  (period=1y) (Yahoo error = "No data found, symbol may be delisted")
$CTRA: possibly delisted; no price data found  (period=1y) (Yahoo error = "No data found, symbol may be delisted")
$K: possibly delisted; no price data found  (period=1y) (Yahoo error = "No data found, symbol may be delisted")
$SKX: possibly delisted; no price data found  (period=1y) (Yahoo error = "No data found, symbol may be delisted")
$CTRA: possibly delisted; no price data found  (period=1y) (Yahoo error = "No data found, symbol may be delisted")
$K: possibly delisted; no price data found  (period=1y) (Yahoo error = "No data found, symbol may be delisted")
$SKX: possibly delisted; no price data found  (period=1y) (Yahoo error = "No data found, symbol may be delisted")
$CTRA: possibly delisted; no price data found  (period=1y) (Yahoo error = "No data found, symbol may be delisted")
$K: possibly delisted; no price data found  (period=1y) (Yahoo error = "No data found, symbol may be delisted")
$SKX: possibly delisted; no price data found  (period=1y) (Yahoo error = "No data found, symbol may be delisted")
  [10/18] CTRA: FAIL
$MPW: possibly delisted; no price data found  (period=1y) (Yahoo error = "No data found, symbol may be delisted")
  [11/18] K: FAIL
  [12/18] SKX: FAIL
$SEE: possibly delisted; no price data found  (period=1y) (Yahoo error = "No data found, symbol may be delisted")
$SBA: possibly delisted; no price data found  (period=1y) (Yahoo error = "No data found, symbol may be delisted")
$MPW: possibly delisted; no price data found  (period=1y) (Yahoo error = "No data found, symbol may be delisted")
$SEE: possibly delisted; no price data found  (period=1y) (Yahoo error = "No data found, symbol may be delisted")
$SBA: possibly delisted; no price data found  (period=1y) (Yahoo error = "No data found, symbol may be delisted")
$MPW: possibly delisted; no price data found  (period=1y) (Yahoo error = "No data found, symbol may be delisted")
$SBA: possibly delisted; no price data found  (period=1y) (Yahoo error = "No data found, symbol may be delisted")
$SEE: possibly delisted; no price data found  (period=1y) (Yahoo error = "No data found, symbol may be delisted")
$MPW: possibly delisted; no price data found  (period=1y) (Yahoo error = "No data found, symbol may be delisted")
$SEE: possibly delisted; no price data found  (period=1y) (Yahoo error = "No data found, symbol may be delisted")
$SBA: possibly delisted; no price data found  (period=1y) (Yahoo error = "No data found, symbol may be delisted")
  [13/18] MPW: FAIL
$PARA: possibly delisted; no price data found  (period=1y) (Yahoo error = "No data found, symbol may be delisted")
  [14/18] SEE: FAIL
  [15/18] SBA: FAIL
$IPG: possibly delisted; no price data found  (period=1y) (Yahoo error = "No data found, symbol may be delisted")
$PARA: possibly delisted; no price data found  (period=1y) (Yahoo error = "No data found, symbol may be delisted")
$IPG: possibly delisted; no price data found  (period=1y) (Yahoo error = "No data found, symbol may be delisted")
$PARA: possibly delisted; no price data found  (period=1y) (Yahoo error = "No data found, symbol may be delisted")
$IPG: possibly delisted; no price data found  (period=1y) (Yahoo error = "No data found, symbol may be delisted")
$PARA: possibly delisted; no price data found  (period=1y) (Yahoo error = "No data found, symbol may be delisted")
$IPG: possibly delisted; no price data found  (period=1y) (Yahoo error = "No data found, symbol may be delisted")
  [16/18] PARA: FAIL
  [17/18] IAC: FAIL
  [18/18] IPG: FAIL
  round 2: recovered 0, still failing 18

=== round 3: 18 missing, 3 workers ===
$MMC: possibly delisted; no price data found  (period=1y) (Yahoo error = "No data found, symbol may be delisted")
$DFS: possibly delisted; no price data found  (period=1y) (Yahoo error = "No data found, symbol may be delisted")
$ANSS: possibly delisted; no price data found  (period=1y) (Yahoo error = "No data found, symbol may be delisted")
$DFS: possibly delisted; no price data found  (period=1y) (Yahoo error = "No data found, symbol may be delisted")
$MMC: possibly delisted; no price data found  (period=1y) (Yahoo error = "No data found, symbol may be delisted")
$ANSS: possibly delisted; no price data found  (period=1y) (Yahoo error = "No data found, symbol may be delisted")
$DFS: possibly delisted; no price data found  (period=1y) (Yahoo error = "No data found, symbol may be delisted")
$MMC: possibly delisted; no price data found  (period=1y) (Yahoo error = "No data found, symbol may be delisted")
$ANSS: possibly delisted; no price data found  (period=1y) (Yahoo error = "No data found, symbol may be delisted")
$DFS: possibly delisted; no price data found  (period=1y) (Yahoo error = "No data found, symbol may be delisted")
$ANSS: possibly delisted; no price data found  (period=1y) (Yahoo error = "No data found, symbol may be delisted")
$MMC: possibly delisted; no price data found  (period=1y) (Yahoo error = "No data found, symbol may be delisted")
  [1/18] DFS: FAIL
  [2/18] ANSS: FAIL
  [3/18] MMC: FAIL
$BK: possibly delisted; no price data found  (period=1y) (Yahoo error = "No data found, symbol may be delisted")
$HOLX: possibly delisted; no price data found  (period=1y) (Yahoo error = "No data found, symbol may be delisted")
$RE: possibly delisted; no price data found  (period=1y) (Yahoo error = "No data found, symbol may be delisted")
$BK: possibly delisted; no price data found  (period=1y) (Yahoo error = "No data found, symbol may be delisted")
$HOLX: possibly delisted; no price data found  (period=1y) (Yahoo error = "No data found, symbol may be delisted")
$RE: possibly delisted; no price data found  (period=1y) (Yahoo error = "No data found, symbol may be delisted")
$BK: possibly delisted; no price data found  (period=1y) (Yahoo error = "No data found, symbol may be delisted")
$RE: possibly delisted; no price data found  (period=1y) (Yahoo error = "No data found, symbol may be delisted")
$HOLX: possibly delisted; no price data found  (period=1y) (Yahoo error = "No data found, symbol may be delisted")
$RE: possibly delisted; no price data found  (period=1y) (Yahoo error = "No data found, symbol may be delisted")
$BK: possibly delisted; no price data found  (period=1y) (Yahoo error = "No data found, symbol may be delisted")
$HOLX: possibly delisted; no price data found  (period=1y) (Yahoo error = "No data found, symbol may be delisted")
  [4/18] RE: FAIL
  [5/18] BK: FAIL
  [6/18] HOLX: FAIL
$CTLT: possibly delisted; no price data found  (period=1y) (Yahoo error = "No data found, symbol may be delisted")
$HES: possibly delisted; no price data found  (period=1y) (Yahoo error = "No data found, symbol may be delisted")
$MRO: possibly delisted; no price data found  (period=1y) (Yahoo error = "No data found, symbol may be delisted")
$HES: possibly delisted; no price data found  (period=1y) (Yahoo error = "No data found, symbol may be delisted")
$CTLT: possibly delisted; no price data found  (period=1y) (Yahoo error = "No data found, symbol may be delisted")
$MRO: possibly delisted; no price data found  (period=1y) (Yahoo error = "No data found, symbol may be delisted")
$HES: possibly delisted; no price data found  (period=1y) (Yahoo error = "No data found, symbol may be delisted")
$CTLT: possibly delisted; no price data found  (period=1y) (Yahoo error = "No data found, symbol may be delisted")
$MRO: possibly delisted; no price data found  (period=1y) (Yahoo error = "No data found, symbol may be delisted")
$HES: possibly delisted; no price data found  (period=1y) (Yahoo error = "No data found, symbol may be delisted")
$CTLT: possibly delisted; no price data found  (period=1y) (Yahoo error = "No data found, symbol may be delisted")
$MRO: possibly delisted; no price data found  (period=1y) (Yahoo error = "No data found, symbol may be delisted")
  [7/18] HES: FAIL
  [8/18] CTLT: FAIL
$CTRA: possibly delisted; no price data found  (period=1y) (Yahoo error = "No data found, symbol may be delisted")
  [9/18] MRO: FAIL
$SKX: possibly delisted; no price data found  (period=1y) (Yahoo error = "No data found, symbol may be delisted")
$K: possibly delisted; no price data found  (period=1y) (Yahoo error = "No data found, symbol may be delisted")
$CTRA: possibly delisted; no price data found  (period=1y) (Yahoo error = "No data found, symbol may be delisted")
$SKX: possibly delisted; no price data found  (period=1y) (Yahoo error = "No data found, symbol may be delisted")
$K: possibly delisted; no price data found  (period=1y) (Yahoo error = "No data found, symbol may be delisted")
$CTRA: possibly delisted; no price data found  (period=1y) (Yahoo error = "No data found, symbol may be delisted")
$SKX: possibly delisted; no price data found  (period=1y) (Yahoo error = "No data found, symbol may be delisted")
$K: possibly delisted; no price data found  (period=1y) (Yahoo error = "No data found, symbol may be delisted")
$CTRA: possibly delisted; no price data found  (period=1y) (Yahoo error = "No data found, symbol may be delisted")
$SKX: possibly delisted; no price data found  (period=1y) (Yahoo error = "No data found, symbol may be delisted")
$K: possibly delisted; no price data found  (period=1y) (Yahoo error = "No data found, symbol may be delisted")
  [10/18] CTRA: FAIL
  [11/18] SKX: FAIL
$SBA: possibly delisted; no price data found  (period=1y) (Yahoo error = "No data found, symbol may be delisted")
$MPW: possibly delisted; no price data found  (period=1y) (Yahoo error = "No data found, symbol may be delisted")
  [12/18] K: FAIL
$SEE: possibly delisted; no price data found  (period=1y) (Yahoo error = "No data found, symbol may be delisted")
$MPW: possibly delisted; no price data found  (period=1y) (Yahoo error = "No data found, symbol may be delisted")
$SBA: possibly delisted; no price data found  (period=1y) (Yahoo error = "No data found, symbol may be delisted")
$SEE: possibly delisted; no price data found  (period=1y) (Yahoo error = "No data found, symbol may be delisted")
$MPW: possibly delisted; no price data found  (period=1y) (Yahoo error = "No data found, symbol may be delisted")
$SBA: possibly delisted; no price data found  (period=1y) (Yahoo error = "No data found, symbol may be delisted")
$SEE: possibly delisted; no price data found  (period=1y) (Yahoo error = "No data found, symbol may be delisted")
$MPW: possibly delisted; no price data found  (period=1y) (Yahoo error = "No data found, symbol may be delisted")
$SBA: possibly delisted; no price data found  (period=1y) (Yahoo error = "No data found, symbol may be delisted")
$SEE: possibly delisted; no price data found  (period=1y) (Yahoo error = "No data found, symbol may be delisted")
  [13/18] MPW: FAIL
  [14/18] SBA: FAIL
$IPG: possibly delisted; no price data found  (period=1y) (Yahoo error = "No data found, symbol may be delisted")
  [15/18] SEE: FAIL
$PARA: possibly delisted; no price data found  (period=1y) (Yahoo error = "No data found, symbol may be delisted")
$IPG: possibly delisted; no price data found  (period=1y) (Yahoo error = "No data found, symbol may be delisted")
$PARA: possibly delisted; no price data found  (period=1y) (Yahoo error = "No data found, symbol may be delisted")
$IPG: possibly delisted; no price data found  (period=1y) (Yahoo error = "No data found, symbol may be delisted")
$PARA: possibly delisted; no price data found  (period=1y) (Yahoo error = "No data found, symbol may be delisted")
$IPG: possibly delisted; no price data found  (period=1y) (Yahoo error = "No data found, symbol may be delisted")
$PARA: possibly delisted; no price data found  (period=1y) (Yahoo error = "No data found, symbol may be delisted")
  [16/18] IAC: FAIL
  [17/18] IPG: FAIL
  [18/18] PARA: FAIL
  round 3: recovered 0, still failing 18

FINAL: 523 rows with real prices
signals: {'STRONG BUY': 221, 'WATCH': 147, 'WEAK': 155}
held still missing: ['BTC-USD']
index/ETF check: {'SPY': True, 'QQQ': True, 'IWM': True, 'SMH': True, 'XLF': True, 'XLE': True}
