Have 130 rows; re-fetching 411 missing tickers
  ERR DFS: Too Many Requests. Rate limited. Try after a while.
  [1/411] -- DFS: no row (thin history / delisted)
  ERR ANSS: Too Many Requests. Rate limited. Try after a while.
  [2/411] -- ANSS: no row (thin history / delisted)
  ERR MMC: Too Many Requests. Rate limited. Try after a while.
  [3/411] -- MMC: no row (thin history / delisted)
  ERR FNF: Too Many Requests. Rate limited. Try after a while.
  [4/411] -- FNF: no row (thin history / delisted)
  ERR BK: Too Many Requests. Rate limited. Try after a while.
  [5/411] -- BK: no row (thin history / delisted)
  ERR LNC: Too Many Requests. Rate limited. Try after a while.
  [6/411] -- LNC: no row (thin history / delisted)
  ERR STT: Too Many Requests. Rate limited. Try after a while.
  [7/411] -- STT: no row (thin history / delisted)
  ERR RGA: Too Many Requests. Rate limited. Try after a while.
  [8/411] -- RGA: no row (thin history / delisted)
  ERR BRO: Too Many Requests. Rate limited. Try after a while.
  [9/411] -- BRO: no row (thin history / delisted)
  ERR GL: Too Many Requests. Rate limited. Try after a while.
  [10/411] -- GL: no row (thin history / delisted)
  ERR WRB: Too Many Requests. Rate limited. Try after a while.
  [11/411] -- WRB: no row (thin history / delisted)
  ERR AIZ: Too Many Requests. Rate limited. Try after a while.
  [12/411] -- AIZ: no row (thin history / delisted)
  ERR UNM: Too Many Requests. Rate limited. Try after a while.
  [13/411] -- UNM: no row (thin history / delisted)
  ERR ACGL: Too Many Requests. Rate limited. Try after a while.
  [14/411] -- ACGL: no row (thin history / delisted)
  ERR RE: Too Many Requests. Rate limited. Try after a while.
  [15/411] -- RE: no row (thin history / delisted)
  ERR UNH: Too Many Requests. Rate limited. Try after a while.
  [16/411] -- UNH: no row (thin history / delisted)
  ERR MRK: Too Many Requests. Rate limited. Try after a while.
  [17/411] -- MRK: no row (thin history / delisted)
  ERR LLY: Too Many Requests. Rate limited. Try after a while.
  [18/411] -- LLY: no row (thin history / delisted)
  ERR JNJ: Too Many Requests. Rate limited. Try after a while.
  [19/411] -- JNJ: no row (thin history / delisted)
  ERR ABBV: Too Many Requests. Rate limited. Try after a while.
  [20/411] -- ABBV: no row (thin history / delisted)
  ERR TMO: Too Many Requests. Rate limited. Try after a while.
  [21/411] -- TMO: no row (thin history / delisted)
  ERR DHR: Too Many Requests. Rate limited. Try after a while.
  [22/411] -- DHR: no row (thin history / delisted)
  ERR CI: Too Many Requests. Rate limited. Try after a while.
  [23/411] -- CI: no row (thin history / delisted)
  ERR ELV: Too Many Requests. Rate limited. Try after a while.
  [24/411] -- ELV: no row (thin history / delisted)
  ERR ABT: Too Many Requests. Rate limited. Try after a while.
  [25/411] -- ABT: no row (thin history / delisted)
  ERR HUM: Too Many Requests. Rate limited. Try after a while.
  [26/411] -- HUM: no row (thin history / delisted)
  ERR MDT: Too Many Requests. Rate limited. Try after a while.
  [27/411] -- MDT: no row (thin history / delisted)
  ERR SYK: Too Many Requests. Rate limited. Try after a while.
  [28/411] -- SYK: no row (thin history / delisted)
  ERR HCA: Too Many Requests. Rate limited. Try after a while.
  [29/411] -- HCA: no row (thin history / delisted)
  ERR BDX: Too Many Requests. Rate limited. Try after a while.
  [30/411] -- BDX: no row (thin history / delisted)
  ERR BSX: Too Many Requests. Rate limited. Try after a while.
  [31/411] -- BSX: no row (thin history / delisted)
  ERR IQV: Too Many Requests. Rate limited. Try after a while.
  [32/411] -- IQV: no row (thin history / delisted)
  ERR ZBH: Too Many Requests. Rate limited. Try after a while.
  [33/411] -- ZBH: no row (thin history / delisted)
  ERR ZTS: Too Many Requests. Rate limited. Try after a while.
  [34/411] -- ZTS: no row (thin history / delisted)
  ERR CNC: Too Many Requests. Rate limited. Try after a while.
  [35/411] -- CNC: no row (thin history / delisted)
  ERR MOH: Too Many Requests. Rate limited. Try after a while.
  [36/411] -- MOH: no row (thin history / delisted)
  ERR MCK: Too Many Requests. Rate limited. Try after a while.
  [37/411] -- MCK: no row (thin history / delisted)
  ERR CVS: Too Many Requests. Rate limited. Try after a while.
  [38/411] -- CVS: no row (thin history / delisted)
  ERR CAH: Too Many Requests. Rate limited. Try after a while.
  [39/411] -- CAH: no row (thin history / delisted)
  ERR BAX: Too Many Requests. Rate limited. Try after a while.
  [40/411] -- BAX: no row (thin history / delisted)
  ERR EW: Too Many Requests. Rate limited. Try after a while.
  [41/411] -- EW: no row (thin history / delisted)
  ERR WAT: Too Many Requests. Rate limited. Try after a while.
  [42/411] -- WAT: no row (thin history / delisted)
  ERR A: Too Many Requests. Rate limited. Try after a while.
  [43/411] -- A: no row (thin history / delisted)
  ERR PODD: Too Many Requests. Rate limited. Try after a while.
  [44/411] -- PODD: no row (thin history / delisted)
  ERR MTD: Too Many Requests. Rate limited. Try after a while.
  ERR HOLX: Too Many Requests. Rate limited. Try after a while.
  [45/411] -- MTD: no row (thin history / delisted)
  [46/411] -- HOLX: no row (thin history / delisted)
  ERR RMD: Too Many Requests. Rate limited. Try after a while.
  [47/411] -- RMD: no row (thin history / delisted)
  ERR TECH: Too Many Requests. Rate limited. Try after a while.
  [48/411] -- TECH: no row (thin history / delisted)
  ERR PGNY: Too Many Requests. Rate limited. Try after a while.
  [49/411] -- PGNY: no row (thin history / delisted)
  ERR VTRS: Too Many Requests. Rate limited. Try after a while.
  [50/411] -- VTRS: no row (thin history / delisted)
  ERR HSIC: Too Many Requests. Rate limited. Try after a while.
  ERR DVA: Too Many Requests. Rate limited. Try after a while.
  [51/411] -- HSIC: no row (thin history / delisted)
  [52/411] -- DVA: no row (thin history / delisted)
  ERR CTLT: Too Many Requests. Rate limited. Try after a while.
  [53/411] -- CTLT: no row (thin history / delisted)
  ERR SOLV: Too Many Requests. Rate limited. Try after a while.
  [54/411] -- SOLV: no row (thin history / delisted)
  ERR COP: Too Many Requests. Rate limited. Try after a while.
  [55/411] -- COP: no row (thin history / delisted)
  ERR SLB: Too Many Requests. Rate limited. Try after a while.
  [56/411] -- SLB: no row (thin history / delisted)
  ERR XOM: Too Many Requests. Rate limited. Try after a while.
  [57/411] -- XOM: no row (thin history / delisted)
  ERR CVX: Too Many Requests. Rate limited. Try after a while.
  [58/411] -- CVX: no row (thin history / delisted)
  ERR EOG: Too Many Requests. Rate limited. Try after a while.
  [59/411] -- EOG: no row (thin history / delisted)
  ERR OXY: Too Many Requests. Rate limited. Try after a while.
  [60/411] -- OXY: no row (thin history / delisted)
  ERR VLO: Too Many Requests. Rate limited. Try after a while.
  [61/411] -- VLO: no row (thin history / delisted)
  ERR COO: Too Many Requests. Rate limited. Try after a while.
  [62/411] -- COO: no row (thin history / delisted)
  ERR HES: Too Many Requests. Rate limited. Try after a while.
  [63/411] -- HES: no row (thin history / delisted)
  ERR MPC: Too Many Requests. Rate limited. Try after a while.
  [64/411] -- MPC: no row (thin history / delisted)
  ERR PSX: Too Many Requests. Rate limited. Try after a while.
  [65/411] -- PSX: no row (thin history / delisted)
  ERR DVN: Too Many Requests. Rate limited. Try after a while.
  [66/411] -- DVN: no row (thin history / delisted)
  ERR APA: Too Many Requests. Rate limited. Try after a while.
  [67/411] -- APA: no row (thin history / delisted)
  ERR HAL: Too Many Requests. Rate limited. Try after a while.
  [68/411] -- HAL: no row (thin history / delisted)
  ERR OKE: Too Many Requests. Rate limited. Try after a while.
  [69/411] -- OKE: no row (thin history / delisted)
  ERR WMB: Too Many Requests. Rate limited. Try after a while.
  [70/411] -- WMB: no row (thin history / delisted)
  ERR MRO: Too Many Requests. Rate limited. Try after a while.
  [71/411] -- MRO: no row (thin history / delisted)
  ERR CTRA: Too Many Requests. Rate limited. Try after a while.
  [72/411] -- CTRA: no row (thin history / delisted)
  ERR LNG: Too Many Requests. Rate limited. Try after a while.
  [73/411] -- LNG: no row (thin history / delisted)
  ERR KMI: Too Many Requests. Rate limited. Try after a while.
  [74/411] -- KMI: no row (thin history / delisted)
  ERR EQT: Too Many Requests. Rate limited. Try after a while.
  [75/411] -- EQT: no row (thin history / delisted)
  ERR TRGP: Too Many Requests. Rate limited. Try after a while.
  [76/411] -- TRGP: no row (thin history / delisted)
  ERR VST: Too Many Requests. Rate limited. Try after a while.
  [77/411] -- VST: no row (thin history / delisted)
  ERR NRG: Too Many Requests. Rate limited. Try after a while.
  [78/411] -- NRG: no row (thin history / delisted)
  ERR HD: Too Many Requests. Rate limited. Try after a while.
  [79/411] -- HD: no row (thin history / delisted)
  ERR AES: Too Many Requests. Rate limited. Try after a while.
  [80/411] -- AES: no row (thin history / delisted)
  ERR NKE: Too Many Requests. Rate limited. Try after a while.
  [81/411] -- NKE: no row (thin history / delisted)
  ERR TJX: Too Many Requests. Rate limited. Try after a while.
  [82/411] -- TJX: no row (thin history / delisted)
  ERR MCD: Too Many Requests. Rate limited. Try after a while.
  [83/411] -- MCD: no row (thin history / delisted)
  ERR LOW: Too Many Requests. Rate limited. Try after a while.
  [84/411] -- LOW: no row (thin history / delisted)
  ERR HLT: Too Many Requests. Rate limited. Try after a while.
  [85/411] -- HLT: no row (thin history / delisted)
  ERR GM: Too Many Requests. Rate limited. Try after a while.
  [86/411] -- GM: no row (thin history / delisted)
  ERR MAR: Too Many Requests. Rate limited. Try after a while.
  [87/411] -- MAR: no row (thin history / delisted)
  ERR TSCO: Too Many Requests. Rate limited. Try after a while.
  [88/411] -- TSCO: no row (thin history / delisted)
  ERR BBY: Too Many Requests. Rate limited. Try after a while.
  [89/411] -- BBY: no row (thin history / delisted)
  ERR F: Too Many Requests. Rate limited. Try after a while.
  [90/411] -- F: no row (thin history / delisted)
  ERR AZO: Too Many Requests. Rate limited. Try after a while.
  [91/411] -- AZO: no row (thin history / delisted)
  ERR ETSY: Too Many Requests. Rate limited. Try after a while.
  [92/411] -- ETSY: no row (thin history / delisted)
  ERR RCL: Too Many Requests. Rate limited. Try after a while.
  [93/411] -- RCL: no row (thin history / delisted)
  ERR EBAY: Too Many Requests. Rate limited. Try after a while.
  [94/411] -- EBAY: no row (thin history / delisted)
  ERR MGM: Too Many Requests. Rate limited. Try after a while.
  [95/411] -- MGM: no row (thin history / delisted)
  ERR WYNN: Too Many Requests. Rate limited. Try after a while.
  [96/411] -- WYNN: no row (thin history / delisted)
  ERR LVS: Too Many Requests. Rate limited. Try after a while.
  [97/411] -- LVS: no row (thin history / delisted)
  ERR CCL: Too Many Requests. Rate limited. Try after a while.
  [98/411] -- CCL: no row (thin history / delisted)
  ERR YUM: Too Many Requests. Rate limited. Try after a while.
  [99/411] -- YUM: no row (thin history / delisted)
  ERR DRI: Too Many Requests. Rate limited. Try after a while.
  [100/411] -- DRI: no row (thin history / delisted)
  ERR CMG: Too Many Requests. Rate limited. Try after a while.
  [101/411] -- CMG: no row (thin history / delisted)
  ERR BWA: Too Many Requests. Rate limited. Try after a while.
  [102/411] -- BWA: no row (thin history / delisted)
  ERR APTV: Too Many Requests. Rate limited. Try after a while.
  [103/411] -- APTV: no row (thin history / delisted)
  ERR DPZ: Too Many Requests. Rate limited. Try after a while.
  [104/411] -- DPZ: no row (thin history / delisted)
  ERR LEN: Too Many Requests. Rate limited. Try after a while.
  [105/411] -- LEN: no row (thin history / delisted)
  ERR PHM: Too Many Requests. Rate limited. Try after a while.
  [106/411] -- PHM: no row (thin history / delisted)
  ERR DHI: Too Many Requests. Rate limited. Try after a while.
  [107/411] -- DHI: no row (thin history / delisted)
  ERR TOL: Too Many Requests. Rate limited. Try after a while.
  [108/411] -- TOL: no row (thin history / delisted)
  ERR NVR: Too Many Requests. Rate limited. Try after a while.
  [109/411] -- NVR: no row (thin history / delisted)
  ERR POOL: Too Many Requests. Rate limited. Try after a while.
  [110/411] -- POOL: no row (thin history / delisted)
  ERR MAT: Too Many Requests. Rate limited. Try after a while.
  [111/411] -- MAT: no row (thin history / delisted)
  ERR HAS: Too Many Requests. Rate limited. Try after a while.
  [112/411] -- HAS: no row (thin history / delisted)
  ERR RL: Too Many Requests. Rate limited. Try after a while.
  [113/411] -- RL: no row (thin history / delisted)
  ERR PVH: Too Many Requests. Rate limited. Try after a while.
  [114/411] -- PVH: no row (thin history / delisted)
  ERR NCLH: Too Many Requests. Rate limited. Try after a while.
  [115/411] -- NCLH: no row (thin history / delisted)
  ERR VFC: Too Many Requests. Rate limited. Try after a while.
  [116/411] -- VFC: no row (thin history / delisted)
  ERR CROX: Too Many Requests. Rate limited. Try after a while.
  [117/411] -- CROX: no row (thin history / delisted)
  ERR DECK: Too Many Requests. Rate limited. Try after a while.
  [118/411] -- DECK: no row (thin history / delisted)
  ERR BOOT: Too Many Requests. Rate limited. Try after a while.
  [119/411] -- BOOT: no row (thin history / delisted)
  ERR WMT: Too Many Requests. Rate limited. Try after a while.
  [120/411] -- WMT: no row (thin history / delisted)
  ERR COLM: Too Many Requests. Rate limited. Try after a while.
  [121/411] -- COLM: no row (thin history / delisted)
  ERR SKX: Too Many Requests. Rate limited. Try after a while.
  [122/411] -- SKX: no row (thin history / delisted)
  ERR KO: Too Many Requests. Rate limited. Try after a while.
  [123/411] -- KO: no row (thin history / delisted)
  ERR STZ: Too Many Requests. Rate limited. Try after a while.
  [124/411] -- STZ: no row (thin history / delisted)
  ERR MO: Too Many Requests. Rate limited. Try after a while.
  [125/411] -- MO: no row (thin history / delisted)
  ERR PM: Too Many Requests. Rate limited. Try after a while.
  [126/411] -- PM: no row (thin history / delisted)
  ERR CL: Too Many Requests. Rate limited. Try after a while.
  [127/411] -- CL: no row (thin history / delisted)
  ERR K: Too Many Requests. Rate limited. Try after a while.
  [128/411] -- K: no row (thin history / delisted)
  ERR HRL: Too Many Requests. Rate limited. Try after a while.
  [129/411] -- HRL: no row (thin history / delisted)
  ERR MKC: Too Many Requests. Rate limited. Try after a while.
  [130/411] -- MKC: no row (thin history / delisted)
  ERR GIS: Too Many Requests. Rate limited. Try after a while.
  [131/411] -- GIS: no row (thin history / delisted)
  ERR SJM: Too Many Requests. Rate limited. Try after a while.
  [132/411] -- SJM: no row (thin history / delisted)
  ERR PG: Too Many Requests. Rate limited. Try after a while.
  [133/411] -- PG: no row (thin history / delisted)
  ERR HSY: Too Many Requests. Rate limited. Try after a while.
  [134/411] -- HSY: no row (thin history / delisted)
  ERR CPB: Too Many Requests. Rate limited. Try after a while.
  [135/411] -- CPB: no row (thin history / delisted)
  ERR CAG: Too Many Requests. Rate limited. Try after a while.
  [136/411] -- CAG: no row (thin history / delisted)
  ERR CLX: Too Many Requests. Rate limited. Try after a while.
  [137/411] -- CLX: no row (thin history / delisted)
  ERR CHD: Too Many Requests. Rate limited. Try after a while.
  [138/411] -- CHD: no row (thin history / delisted)
  ERR EL: Too Many Requests. Rate limited. Try after a while.
  [139/411] -- EL: no row (thin history / delisted)
  ERR TAP: Too Many Requests. Rate limited. Try after a while.
  [140/411] -- TAP: no row (thin history / delisted)
  ERR ADM: Too Many Requests. Rate limited. Try after a while.
  [141/411] -- ADM: no row (thin history / delisted)
  ERR KMB: Too Many Requests. Rate limited. Try after a while.
  [142/411] -- KMB: no row (thin history / delisted)
  ERR TSN: Too Many Requests. Rate limited. Try after a while.
  [143/411] -- TSN: no row (thin history / delisted)
  ERR SFM: Too Many Requests. Rate limited. Try after a while.
  [144/411] -- SFM: no row (thin history / delisted)
  ERR CTVA: Too Many Requests. Rate limited. Try after a while.
  [145/411] -- CTVA: no row (thin history / delisted)
  ERR SYY: Too Many Requests. Rate limited. Try after a while.
  [146/411] -- SYY: no row (thin history / delisted)
  ERR FMC: Too Many Requests. Rate limited. Try after a while.
  [147/411] -- FMC: no row (thin history / delisted)
  ERR BG: Too Many Requests. Rate limited. Try after a while.
  [148/411] -- BG: no row (thin history / delisted)
  ERR MOS: Too Many Requests. Rate limited. Try after a while.
  [149/411] -- MOS: no row (thin history / delisted)
  ERR CF: Too Many Requests. Rate limited. Try after a while.
  [150/411] -- CF: no row (thin history / delisted)
  ERR GE: Too Many Requests. Rate limited. Try after a while.
  [151/411] -- GE: no row (thin history / delisted)
  ERR COTY: Too Many Requests. Rate limited. Try after a while.
  [152/411] -- COTY: no row (thin history / delisted)
  ERR CAT: Too Many Requests. Rate limited. Try after a while.
  [153/411] -- CAT: no row (thin history / delisted)
  ERR BA: Too Many Requests. Rate limited. Try after a while.
  [154/411] -- BA: no row (thin history / delisted)
  ERR RTX: Too Many Requests. Rate limited. Try after a while.
  [155/411] -- RTX: no row (thin history / delisted)
  ERR UPS: Too Many Requests. Rate limited. Try after a while.
  [156/411] -- UPS: no row (thin history / delisted)
  ERR UNP: Too Many Requests. Rate limited. Try after a while.
  [157/411] -- UNP: no row (thin history / delisted)
  ERR FDX: Too Many Requests. Rate limited. Try after a while.
  [158/411] -- FDX: no row (thin history / delisted)
  ERR ITW: Too Many Requests. Rate limited. Try after a while.
  [159/411] -- ITW: no row (thin history / delisted)
  ERR DE: Too Many Requests. Rate limited. Try after a while.
  [160/411] -- DE: no row (thin history / delisted)
  ERR ETN: Too Many Requests. Rate limited. Try after a while.
  [161/411] -- ETN: no row (thin history / delisted)
  ERR EMR: Too Many Requests. Rate limited. Try after a while.
  [162/411] -- EMR: no row (thin history / delisted)
  ERR LMT: Too Many Requests. Rate limited. Try after a while.
  [163/411] -- LMT: no row (thin history / delisted)
  ERR NOC: Too Many Requests. Rate limited. Try after a while.
  [164/411] -- NOC: no row (thin history / delisted)
  ERR NSC: Too Many Requests. Rate limited. Try after a while.
  [165/411] -- NSC: no row (thin history / delisted)
  ERR OTIS: Too Many Requests. Rate limited. Try after a while.
  [166/411] -- OTIS: no row (thin history / delisted)
  ERR CARR: Too Many Requests. Rate limited. Try after a while.
  [167/411] -- CARR: no row (thin history / delisted)
  ERR GD: Too Many Requests. Rate limited. Try after a while.
  [168/411] -- GD: no row (thin history / delisted)
  ERR ROP: Too Many Requests. Rate limited. Try after a while.
  [169/411] -- ROP: no row (thin history / delisted)
  ERR PH: Too Many Requests. Rate limited. Try after a while.
  [170/411] -- PH: no row (thin history / delisted)
  ERR IR: Too Many Requests. Rate limited. Try after a while.
  [171/411] -- IR: no row (thin history / delisted)
  ERR CMI: Too Many Requests. Rate limited. Try after a while.
  [172/411] -- CMI: no row (thin history / delisted)
  ERR SNA: Too Many Requests. Rate limited. Try after a while.
  [173/411] -- SNA: no row (thin history / delisted)
  ERR GWW: Too Many Requests. Rate limited. Try after a while.
  [174/411] -- GWW: no row (thin history / delisted)
  ERR AME: Too Many Requests. Rate limited. Try after a while.
  [175/411] -- AME: no row (thin history / delisted)
  ERR HWM: Too Many Requests. Rate limited. Try after a while.
  [176/411] -- HWM: no row (thin history / delisted)
  ERR RSG: Too Many Requests. Rate limited. Try after a while.
  [177/411] -- RSG: no row (thin history / delisted)
  ERR TDG: Too Many Requests. Rate limited. Try after a while.
  [178/411] -- TDG: no row (thin history / delisted)
  ERR ROK: Too Many Requests. Rate limited. Try after a while.
  [179/411] -- ROK: no row (thin history / delisted)
  ERR JCI: Too Many Requests. Rate limited. Try after a while.
  [180/411] -- JCI: no row (thin history / delisted)
  ERR WM: Too Many Requests. Rate limited. Try after a while.
  [181/411] -- WM: no row (thin history / delisted)
  ERR DOV: Too Many Requests. Rate limited. Try after a while.
  [182/411] -- DOV: no row (thin history / delisted)
  ERR XYL: Too Many Requests. Rate limited. Try after a while.
  [183/411] -- XYL: no row (thin history / delisted)
  ERR MMM: Too Many Requests. Rate limited. Try after a while.
  [184/411] -- MMM: no row (thin history / delisted)
  ERR LDOS: Too Many Requests. Rate limited. Try after a while.
  [185/411] -- LDOS: no row (thin history / delisted)
  ERR IEX: Too Many Requests. Rate limited. Try after a while.
  [186/411] -- IEX: no row (thin history / delisted)
  ERR GNRC: Too Many Requests. Rate limited. Try after a while.
  [187/411] -- GNRC: no row (thin history / delisted)
  ERR LHX: Too Many Requests. Rate limited. Try after a while.
  [188/411] -- LHX: no row (thin history / delisted)
  ERR AXON: Too Many Requests. Rate limited. Try after a while.
  [189/411] -- AXON: no row (thin history / delisted)
  ERR TXT: Too Many Requests. Rate limited. Try after a while.
  [190/411] -- TXT: no row (thin history / delisted)
  ERR CACI: Too Many Requests. Rate limited. Try after a while.
  [191/411] -- CACI: no row (thin history / delisted)
  ERR JBHT: Too Many Requests. Rate limited. Try after a while.
  [192/411] -- JBHT: no row (thin history / delisted)
  ERR SAIC: Too Many Requests. Rate limited. Try after a while.
  [193/411] -- SAIC: no row (thin history / delisted)
  ERR CHRW: Too Many Requests. Rate limited. Try after a while.
  [194/411] -- CHRW: no row (thin history / delisted)
  ERR SAIA: Too Many Requests. Rate limited. Try after a while.
  [195/411] -- SAIA: no row (thin history / delisted)
  ERR EXPD: Too Many Requests. Rate limited. Try after a while.
  [196/411] -- EXPD: no row (thin history / delisted)
  ERR XPO: Too Many Requests. Rate limited. Try after a while.
  [197/411] -- XPO: no row (thin history / delisted)
  ERR HUBG: Too Many Requests. Rate limited. Try after a while.
  [198/411] -- HUBG: no row (thin history / delisted)
  ERR ORCL: Too Many Requests. Rate limited. Try after a while.
  [199/411] -- ORCL: no row (thin history / delisted)
  ERR CRM: Too Many Requests. Rate limited. Try after a while.
  [200/411] -- CRM: no row (thin history / delisted)
  ERR ACN: Too Many Requests. Rate limited. Try after a while.
  [201/411] -- ACN: no row (thin history / delisted)
  ERR WERN: Too Many Requests. Rate limited. Try after a while.
  [202/411] -- WERN: no row (thin history / delisted)
  ERR HPE: Too Many Requests. Rate limited. Try after a while.
  [203/411] -- HPE: no row (thin history / delisted)
  ERR IBM: Too Many Requests. Rate limited. Try after a while.
  [204/411] -- IBM: no row (thin history / delisted)
  ERR KEYS: Too Many Requests. Rate limited. Try after a while.
  [205/411] -- KEYS: no row (thin history / delisted)
  ERR MPWR: Too Many Requests. Rate limited. Try after a while.
  [206/411] -- MPWR: no row (thin history / delisted)
  ERR HPQ: Too Many Requests. Rate limited. Try after a while.
  [207/411] -- HPQ: no row (thin history / delisted)
  ERR AKAM: Too Many Requests. Rate limited. Try after a while.
  [208/411] -- AKAM: no row (thin history / delisted)
  ERR TYL: Too Many Requests. Rate limited. Try after a while.
  [209/411] -- TYL: no row (thin history / delisted)
  ERR VRSN: Too Many Requests. Rate limited. Try after a while.
  [210/411] -- VRSN: no row (thin history / delisted)
  ERR SEDG: Too Many Requests. Rate limited. Try after a while.
  [211/411] -- SEDG: no row (thin history / delisted)
  ERR ENPH: Too Many Requests. Rate limited. Try after a while.
  [212/411] -- ENPH: no row (thin history / delisted)
  ERR FSLR: Too Many Requests. Rate limited. Try after a while.
  [213/411] -- FSLR: no row (thin history / delisted)
  ERR GLW: Too Many Requests. Rate limited. Try after a while.
  [214/411] -- GLW: no row (thin history / delisted)
  ERR FFIV: Too Many Requests. Rate limited. Try after a while.
  [215/411] -- FFIV: no row (thin history / delisted)
  ERR GRMN: Too Many Requests. Rate limited. Try after a while.
  [216/411] -- GRMN: no row (thin history / delisted)
  ERR STX: Too Many Requests. Rate limited. Try after a while.
  [217/411] -- STX: no row (thin history / delisted)
  ERR ANET: Too Many Requests. Rate limited. Try after a while.
  ERR NTAP: Too Many Requests. Rate limited. Try after a while.
  [218/411] -- ANET: no row (thin history / delisted)
  [219/411] -- NTAP: no row (thin history / delisted)
  ERR WDC: Too Many Requests. Rate limited. Try after a while.
  [220/411] -- WDC: no row (thin history / delisted)
  ERR NOW: Too Many Requests. Rate limited. Try after a while.
  [221/411] -- NOW: no row (thin history / delisted)
  ERR ZBRA: Too Many Requests. Rate limited. Try after a while.
  [222/411] -- ZBRA: no row (thin history / delisted)
  ERR NEE: Too Many Requests. Rate limited. Try after a while.
  [223/411] -- NEE: no row (thin history / delisted)
  ERR SMCI: Too Many Requests. Rate limited. Try after a while.
  ERR FICO: Too Many Requests. Rate limited. Try after a while.
  [224/411] -- SMCI: no row (thin history / delisted)
  [225/411] -- FICO: no row (thin history / delisted)
  ERR DUK: Too Many Requests. Rate limited. Try after a while.
  [226/411] -- DUK: no row (thin history / delisted)
  ERR D: Too Many Requests. Rate limited. Try after a while.
  [227/411] -- D: no row (thin history / delisted)
  ERR AEP: Too Many Requests. Rate limited. Try after a while.
  [228/411] -- AEP: no row (thin history / delisted)
  ERR PEG: Too Many Requests. Rate limited. Try after a while.
  [229/411] -- PEG: no row (thin history / delisted)
  ERR SRE: Too Many Requests. Rate limited. Try after a while.
  [230/411] -- SRE: no row (thin history / delisted)
  ERR SO: Too Many Requests. Rate limited. Try after a while.
  [231/411] -- SO: no row (thin history / delisted)
  ERR PCG: Too Many Requests. Rate limited. Try after a while.
  [232/411] -- PCG: no row (thin history / delisted)
  ERR AWK: Too Many Requests. Rate limited. Try after a while.
  [233/411] -- AWK: no row (thin history / delisted)
  ERR WEC: Too Many Requests. Rate limited. Try after a while.
  [234/411] -- WEC: no row (thin history / delisted)
  ERR ES: Too Many Requests. Rate limited. Try after a while.
  [235/411] -- ES: no row (thin history / delisted)
  ERR CMS: Too Many Requests. Rate limited. Try after a while.
  [236/411] -- CMS: no row (thin history / delisted)
  ERR ATO: Too Many Requests. Rate limited. Try after a while.
  [237/411] -- ATO: no row (thin history / delisted)
  ERR NI: Too Many Requests. Rate limited. Try after a while.
  [238/411] -- NI: no row (thin history / delisted)
  ERR CNP: Too Many Requests. Rate limited. Try after a while.
  [239/411] -- CNP: no row (thin history / delisted)
  ERR DTE: Too Many Requests. Rate limited. Try after a while.
  [240/411] -- DTE: no row (thin history / delisted)
  ERR ETR: Too Many Requests. Rate limited. Try after a while.
  [241/411] -- ETR: no row (thin history / delisted)
  ERR EIX: Too Many Requests. Rate limited. Try after a while.
  [242/411] -- EIX: no row (thin history / delisted)
  ERR PPL: Too Many Requests. Rate limited. Try after a while.
  [243/411] -- PPL: no row (thin history / delisted)
  ERR EVRG: Too Many Requests. Rate limited. Try after a while.
  [244/411] -- EVRG: no row (thin history / delisted)
  ERR IDA: Too Many Requests. Rate limited. Try after a while.
  [245/411] -- IDA: no row (thin history / delisted)
  ERR POR: Too Many Requests. Rate limited. Try after a while.
  ERR AVA: Too Many Requests. Rate limited. Try after a while.
  [246/411] -- POR: no row (thin history / delisted)
  [247/411] -- AVA: no row (thin history / delisted)
  ERR BKH: Too Many Requests. Rate limited. Try after a while.
  [248/411] -- BKH: no row (thin history / delisted)
  ERR AEE: Too Many Requests. Rate limited. Try after a while.
  [249/411] -- AEE: no row (thin history / delisted)
  ERR LNT: Too Many Requests. Rate limited. Try after a while.
  [250/411] -- LNT: no row (thin history / delisted)
  ERR OTTR: Too Many Requests. Rate limited. Try after a while.
  ERR OGE: Too Many Requests. Rate limited. Try after a while.
  [251/411] -- OTTR: no row (thin history / delisted)
  [252/411] -- OGE: no row (thin history / delisted)
  ERR PLD: Too Many Requests. Rate limited. Try after a while.
  [253/411] -- PLD: no row (thin history / delisted)
  ERR AMT: Too Many Requests. Rate limited. Try after a while.
  [254/411] -- AMT: no row (thin history / delisted)
  ERR SPG: Too Many Requests. Rate limited. Try after a while.
  ERR CCI: Too Many Requests. Rate limited. Try after a while.
  [255/411] -- SPG: no row (thin history / delisted)
  [256/411] -- CCI: no row (thin history / delisted)
  ERR EQIX: Too Many Requests. Rate limited. Try after a while.
  [257/411] -- EQIX: no row (thin history / delisted)
  ERR O: Too Many Requests. Rate limited. Try after a while.
  [258/411] -- O: no row (thin history / delisted)
  ERR PSA: Too Many Requests. Rate limited. Try after a while.
  [259/411] -- PSA: no row (thin history / delisted)
  ERR EXR: Too Many Requests. Rate limited. Try after a while.
  [260/411] -- EXR: no row (thin history / delisted)
  ERR VICI: Too Many Requests. Rate limited. Try after a while.
  [261/411] -- VICI: no row (thin history / delisted)
  ERR UDR: Too Many Requests. Rate limited. Try after a while.
  [262/411] -- UDR: no row (thin history / delisted)
  ERR EQR: Too Many Requests. Rate limited. Try after a while.
  [263/411] -- EQR: no row (thin history / delisted)
  ERR AVB: Too Many Requests. Rate limited. Try after a while.
  [264/411] -- AVB: no row (thin history / delisted)
  ERR MAA: Too Many Requests. Rate limited. Try after a while.
  [265/411] -- MAA: no row (thin history / delisted)
  ERR SUI: Too Many Requests. Rate limited. Try after a while.
  [266/411] -- SUI: no row (thin history / delisted)
  ERR ESS: Too Many Requests. Rate limited. Try after a while.
  [267/411] -- ESS: no row (thin history / delisted)
  ERR ELS: Too Many Requests. Rate limited. Try after a while.
  [268/411] -- ELS: no row (thin history / delisted)
  ERR NNN: Too Many Requests. Rate limited. Try after a while.
  [269/411] -- NNN: no row (thin history / delisted)
  ERR FR: Too Many Requests. Rate limited. Try after a while.
  [270/411] -- FR: no row (thin history / delisted)
  ERR WPC: Too Many Requests. Rate limited. Try after a while.
  [271/411] -- WPC: no row (thin history / delisted)
  ERR DLR: Too Many Requests. Rate limited. Try after a while.
  [272/411] -- DLR: no row (thin history / delisted)
  ERR IRM: Too Many Requests. Rate limited. Try after a while.
  [273/411] -- IRM: no row (thin history / delisted)
  ERR REXR: Too Many Requests. Rate limited. Try after a while.
  [274/411] -- REXR: no row (thin history / delisted)
  ERR BXP: Too Many Requests. Rate limited. Try after a while.
  [275/411] -- BXP: no row (thin history / delisted)
  ERR VNO: Too Many Requests. Rate limited. Try after a while.
  [276/411] -- VNO: no row (thin history / delisted)
  ERR SBAC: Too Many Requests. Rate limited. Try after a while.
  [277/411] -- SBAC: no row (thin history / delisted)
  ERR ARE: Too Many Requests. Rate limited. Try after a while.
  [278/411] -- ARE: no row (thin history / delisted)
  ERR REG: Too Many Requests. Rate limited. Try after a while.
  [279/411] -- REG: no row (thin history / delisted)
  ERR KIM: Too Many Requests. Rate limited. Try after a while.
  [280/411] -- KIM: no row (thin history / delisted)
  ERR TRNO: Too Many Requests. Rate limited. Try after a while.
  [281/411] -- TRNO: no row (thin history / delisted)
  ERR FRT: Too Many Requests. Rate limited. Try after a while.
  [282/411] -- FRT: no row (thin history / delisted)
  ERR EPRT: Too Many Requests. Rate limited. Try after a while.
  [283/411] -- EPRT: no row (thin history / delisted)
  ERR STAG: Too Many Requests. Rate limited. Try after a while.
  [284/411] -- STAG: no row (thin history / delisted)
  ERR COR: Too Many Requests. Rate limited. Try after a while.
  [285/411] -- COR: no row (thin history / delisted)
  ERR MPW: Too Many Requests. Rate limited. Try after a while.
  [286/411] -- MPW: no row (thin history / delisted)
  ERR IIPR: Too Many Requests. Rate limited. Try after a while.
  [287/411] -- IIPR: no row (thin history / delisted)
  ERR SBA: Too Many Requests. Rate limited. Try after a while.
  [288/411] -- SBA: no row (thin history / delisted)
  ERR APD: Too Many Requests. Rate limited. Try after a while.
  [289/411] -- APD: no row (thin history / delisted)
  ERR SHW: Too Many Requests. Rate limited. Try after a while.
  [290/411] -- SHW: no row (thin history / delisted)
  ERR LIN: Too Many Requests. Rate limited. Try after a while.
  [291/411] -- LIN: no row (thin history / delisted)
  ERR FCX: Too Many Requests. Rate limited. Try after a while.
  [292/411] -- FCX: no row (thin history / delisted)
  ERR NEM: Too Many Requests. Rate limited. Try after a while.
  [293/411] -- NEM: no row (thin history / delisted)
  ERR ECL: Too Many Requests. Rate limited. Try after a while.
  [294/411] -- ECL: no row (thin history / delisted)
  ERR NUE: Too Many Requests. Rate limited. Try after a while.
  [295/411] -- NUE: no row (thin history / delisted)
  ERR PPG: Too Many Requests. Rate limited. Try after a while.
  [296/411] -- PPG: no row (thin history / delisted)
  ERR EMN: Too Many Requests. Rate limited. Try after a while.
  [297/411] -- EMN: no row (thin history / delisted)
  ERR IP: Too Many Requests. Rate limited. Try after a while.
  [298/411] -- IP: no row (thin history / delisted)
  ERR AVY: Too Many Requests. Rate limited. Try after a while.
  [299/411] -- AVY: no row (thin history / delisted)
  ERR CE: Too Many Requests. Rate limited. Try after a while.
  [300/411] -- CE: no row (thin history / delisted)
  ERR PKG: Too Many Requests. Rate limited. Try after a while.
  [301/411] -- PKG: no row (thin history / delisted)
  ERR SON: Too Many Requests. Rate limited. Try after a while.
  [302/411] -- SON: no row (thin history / delisted)
  ERR BALL: Too Many Requests. Rate limited. Try after a while.
  [303/411] -- BALL: no row (thin history / delisted)
  ERR RPM: Too Many Requests. Rate limited. Try after a while.
  [304/411] -- RPM: no row (thin history / delisted)
  ERR OLN: Too Many Requests. Rate limited. Try after a while.
  [305/411] -- OLN: no row (thin history / delisted)
  ERR SEE: Too Many Requests. Rate limited. Try after a while.
  [306/411] -- SEE: no row (thin history / delisted)
  ERR VMC: Too Many Requests. Rate limited. Try after a while.
  [307/411] -- VMC: no row (thin history / delisted)
  ERR STLD: Too Many Requests. Rate limited. Try after a while.
  [308/411] -- STLD: no row (thin history / delisted)
  ERR ALB: Too Many Requests. Rate limited. Try after a while.
  [309/411] -- ALB: no row (thin history / delisted)
  ERR ASH: Too Many Requests. Rate limited. Try after a while.
  [310/411] -- ASH: no row (thin history / delisted)
  ERR RS: Too Many Requests. Rate limited. Try after a while.
  [311/411] -- RS: no row (thin history / delisted)
  ERR CMC: Too Many Requests. Rate limited. Try after a while.
  [312/411] -- CMC: no row (thin history / delisted)
  ERR CLF: Too Many Requests. Rate limited. Try after a while.
  [313/411] -- CLF: no row (thin history / delisted)
  ERR PARA: Too Many Requests. Rate limited. Try after a while.
  [314/411] -- PARA: no row (thin history / delisted)
  ERR DIS: Too Many Requests. Rate limited. Try after a while.
  [315/411] -- DIS: no row (thin history / delisted)
  ERR T: Too Many Requests. Rate limited. Try after a while.
  [316/411] -- T: no row (thin history / delisted)
  ERR VZ: Too Many Requests. Rate limited. Try after a while.
  ERR MLM: Too Many Requests. Rate limited. Try after a while.
  [317/411] -- VZ: no row (thin history / delisted)
  [318/411] -- MLM: no row (thin history / delisted)
  ERR TMUS: Too Many Requests. Rate limited. Try after a while.
  [319/411] -- TMUS: no row (thin history / delisted)
  ERR OMC: Too Many Requests. Rate limited. Try after a while.
  [320/411] -- OMC: no row (thin history / delisted)
  ERR NWSA: Too Many Requests. Rate limited. Try after a while.
  [321/411] -- NWSA: no row (thin history / delisted)
  ERR IPG: Too Many Requests. Rate limited. Try after a while.
  [322/411] -- IPG: no row (thin history / delisted)
  ERR FOXA: Too Many Requests. Rate limited. Try after a while.
  [323/411] -- FOXA: no row (thin history / delisted)
  ERR TTWO: Too Many Requests. Rate limited. Try after a while.
  [324/411] -- TTWO: no row (thin history / delisted)
  ERR FOX: Too Many Requests. Rate limited. Try after a while.
  [325/411] -- FOX: no row (thin history / delisted)
  ERR IAC: Too Many Requests. Rate limited. Try after a while.
  [326/411] -- IAC: no row (thin history / delisted)
  ERR MTCH: Too Many Requests. Rate limited. Try after a while.
  [327/411] -- MTCH: no row (thin history / delisted)
  ERR LYFT: Too Many Requests. Rate limited. Try after a while.
  [328/411] -- LYFT: no row (thin history / delisted)
  ERR SNAP: Too Many Requests. Rate limited. Try after a while.
  [329/411] -- SNAP: no row (thin history / delisted)
  ERR PINS: Too Many Requests. Rate limited. Try after a while.
  [330/411] -- PINS: no row (thin history / delisted)
  ERR RBLX: Too Many Requests. Rate limited. Try after a while.
  [331/411] -- RBLX: no row (thin history / delisted)
  ERR COIN: Too Many Requests. Rate limited. Try after a while.
  [332/411] -- COIN: no row (thin history / delisted)
  ERR UBER: Too Many Requests. Rate limited. Try after a while.
  [333/411] -- UBER: no row (thin history / delisted)
  ERR HOOD: Too Many Requests. Rate limited. Try after a while.
  [334/411] -- HOOD: no row (thin history / delisted)
  ERR SPOT: Too Many Requests. Rate limited. Try after a while.
  [335/411] -- SPOT: no row (thin history / delisted)
  ERR SHOP: Too Many Requests. Rate limited. Try after a while.
  [336/411] -- SHOP: no row (thin history / delisted)
  ERR SE: Too Many Requests. Rate limited. Try after a while.
  [337/411] -- SE: no row (thin history / delisted)
  ERR OKTA: Too Many Requests. Rate limited. Try after a while.
  [338/411] -- OKTA: no row (thin history / delisted)
  ERR DOCU: Too Many Requests. Rate limited. Try after a while.
  [339/411] -- DOCU: no row (thin history / delisted)
  ERR SNOW: Too Many Requests. Rate limited. Try after a while.
  [340/411] -- SNOW: no row (thin history / delisted)
  ERR BIDU: Too Many Requests. Rate limited. Try after a while.
  [341/411] -- BIDU: no row (thin history / delisted)
  ERR RIVN: Too Many Requests. Rate limited. Try after a while.
  [342/411] -- RIVN: no row (thin history / delisted)
  ERR PLTR: Too Many Requests. Rate limited. Try after a while.
  [343/411] -- PLTR: no row (thin history / delisted)
  ERR ARM: Too Many Requests. Rate limited. Try after a while.
  [344/411] -- ARM: no row (thin history / delisted)
  ERR TSM: Too Many Requests. Rate limited. Try after a while.
  [345/411] -- TSM: no row (thin history / delisted)
  ERR NVO: Too Many Requests. Rate limited. Try after a while.
  [346/411] -- NVO: no row (thin history / delisted)
  ERR SOUN: Too Many Requests. Rate limited. Try after a while.
  [347/411] -- SOUN: no row (thin history / delisted)
  ERR IONQ: Too Many Requests. Rate limited. Try after a while.
  [348/411] -- IONQ: no row (thin history / delisted)
  ERR ASML: Too Many Requests. Rate limited. Try after a while.
  [349/411] -- ASML: no row (thin history / delisted)
  ERR JOBY: Too Many Requests. Rate limited. Try after a while.
  [350/411] -- JOBY: no row (thin history / delisted)
  ERR ACHR: Too Many Requests. Rate limited. Try after a while.
  [351/411] -- ACHR: no row (thin history / delisted)
  ERR QBTS: Too Many Requests. Rate limited. Try after a while.
  [352/411] -- QBTS: no row (thin history / delisted)
  ERR RKLB: Too Many Requests. Rate limited. Try after a while.
  [353/411] -- RKLB: no row (thin history / delisted)
  ERR LUNR: Too Many Requests. Rate limited. Try after a while.
  [354/411] -- LUNR: no row (thin history / delisted)
  ERR CELH: Too Many Requests. Rate limited. Try after a while.
  ERR SNDK: Too Many Requests. Rate limited. Try after a while.
  [355/411] -- CELH: no row (thin history / delisted)
  [356/411] -- SNDK: no row (thin history / delisted)
  ERR RGTI: Too Many Requests. Rate limited. Try after a while.
  [357/411] -- RGTI: no row (thin history / delisted)
  ERR SPY: Too Many Requests. Rate limited. Try after a while.
  [358/411] -- SPY: no row (thin history / delisted)
  ERR IWM: Too Many Requests. Rate limited. Try after a while.
  [359/411] -- IWM: no row (thin history / delisted)
  ERR DIA: Too Many Requests. Rate limited. Try after a while.
  [360/411] -- DIA: no row (thin history / delisted)
  ERR QQQ: Too Many Requests. Rate limited. Try after a while.
  [361/411] -- QQQ: no row (thin history / delisted)
  ERR VOO: Too Many Requests. Rate limited. Try after a while.
  [362/411] -- VOO: no row (thin history / delisted)
  ERR VWO: Too Many Requests. Rate limited. Try after a while.
  [363/411] -- VWO: no row (thin history / delisted)
  ERR VEA: Too Many Requests. Rate limited. Try after a while.
  [364/411] -- VEA: no row (thin history / delisted)
  ERR VTI: Too Many Requests. Rate limited. Try after a while.
  [365/411] -- VTI: no row (thin history / delisted)
  ERR GLD: Too Many Requests. Rate limited. Try after a while.
  [366/411] -- GLD: no row (thin history / delisted)
  ERR TLT: Too Many Requests. Rate limited. Try after a while.
  [367/411] -- TLT: no row (thin history / delisted)
  ERR SLV: Too Many Requests. Rate limited. Try after a while.
  [368/411] -- SLV: no row (thin history / delisted)
  ERR IEF: Too Many Requests. Rate limited. Try after a while.
  [369/411] -- IEF: no row (thin history / delisted)
  ERR LQD: Too Many Requests. Rate limited. Try after a while.
  [370/411] -- LQD: no row (thin history / delisted)
  ERR HYG: Too Many Requests. Rate limited. Try after a while.
  [371/411] -- HYG: no row (thin history / delisted)
  ERR XLK: Too Many Requests. Rate limited. Try after a while.
  [372/411] -- XLK: no row (thin history / delisted)
  ERR XLV: Too Many Requests. Rate limited. Try after a while.
  [373/411] -- XLV: no row (thin history / delisted)
  ERR XLF: Too Many Requests. Rate limited. Try after a while.
  [374/411] -- XLF: no row (thin history / delisted)
  ERR XLC: Too Many Requests. Rate limited. Try after a while.
  [375/411] -- XLC: no row (thin history / delisted)
  ERR XLP: Too Many Requests. Rate limited. Try after a while.
  [376/411] -- XLP: no row (thin history / delisted)
  ERR XLE: Too Many Requests. Rate limited. Try after a while.
  [377/411] -- XLE: no row (thin history / delisted)
  ERR XLI: Too Many Requests. Rate limited. Try after a while.
  [378/411] -- XLI: no row (thin history / delisted)
  ERR XLRE: Too Many Requests. Rate limited. Try after a while.
  [379/411] -- XLRE: no row (thin history / delisted)
  ERR XLU: Too Many Requests. Rate limited. Try after a while.
  [380/411] -- XLU: no row (thin history / delisted)
  ERR XLY: Too Many Requests. Rate limited. Try after a while.
  [381/411] -- XLY: no row (thin history / delisted)
  ERR XLB: Too Many Requests. Rate limited. Try after a while.
  [382/411] -- XLB: no row (thin history / delisted)
  ERR IBB: Too Many Requests. Rate limited. Try after a while.
  [383/411] -- IBB: no row (thin history / delisted)
  ERR XBI: Too Many Requests. Rate limited. Try after a while.
  [384/411] -- XBI: no row (thin history / delisted)
  ERR XOP: Too Many Requests. Rate limited. Try after a while.
  [385/411] -- XOP: no row (thin history / delisted)
  ERR ARKK: Too Many Requests. Rate limited. Try after a while.
  [386/411] -- ARKK: no row (thin history / delisted)
  ERR ARKG: Too Many Requests. Rate limited. Try after a while.
  [387/411] -- ARKG: no row (thin history / delisted)
  ERR ARKW: Too Many Requests. Rate limited. Try after a while.
  [388/411] -- ARKW: no row (thin history / delisted)
  ERR SPCX: Too Many Requests. Rate limited. Try after a while.
  [389/411] -- SPCX: no row (thin history / delisted)
  ERR AMKR: Too Many Requests. Rate limited. Try after a while.
  [390/411] -- AMKR: no row (thin history / delisted)
  ERR ALAB: Too Many Requests. Rate limited. Try after a while.
  [391/411] -- ALAB: no row (thin history / delisted)
  ERR APP: Too Many Requests. Rate limited. Try after a while.
  [392/411] -- APP: no row (thin history / delisted)
  ERR SMH: Too Many Requests. Rate limited. Try after a while.
  [393/411] -- SMH: no row (thin history / delisted)
  ERR COCO: Too Many Requests. Rate limited. Try after a while.
  [394/411] -- COCO: no row (thin history / delisted)
  ERR APLD: Too Many Requests. Rate limited. Try after a while.
  [395/411] -- APLD: no row (thin history / delisted)
  ERR DIOD: Too Many Requests. Rate limited. Try after a while.
  [396/411] -- DIOD: no row (thin history / delisted)
  ERR DELL: Too Many Requests. Rate limited. Try after a while.
  [397/411] -- DELL: no row (thin history / delisted)
  ERR DOCN: Too Many Requests. Rate limited. Try after a while.
  [398/411] -- DOCN: no row (thin history / delisted)
  ERR DRAM: Too Many Requests. Rate limited. Try after a while.
  [399/411] -- DRAM: no row (thin history / delisted)
  ERR ICHR: Too Many Requests. Rate limited. Try after a while.
  [400/411] -- ICHR: no row (thin history / delisted)
  ERR FLEX: Too Many Requests. Rate limited. Try after a while.
  [401/411] -- FLEX: no row (thin history / delisted)
  ERR LUV: Too Many Requests. Rate limited. Try after a while.
  [402/411] -- LUV: no row (thin history / delisted)
  ERR IREN: Too Many Requests. Rate limited. Try after a while.
  [403/411] -- IREN: no row (thin history / delisted)
  ERR LQDA: Too Many Requests. Rate limited. Try after a while.
  [404/411] -- LQDA: no row (thin history / delisted)
  ERR MXL: Too Many Requests. Rate limited. Try after a while.
  [405/411] -- MXL: no row (thin history / delisted)
  ERR QLD: Too Many Requests. Rate limited. Try after a while.
  [406/411] -- QLD: no row (thin history / delisted)
  ERR PRTH: Too Many Requests. Rate limited. Try after a while.
  [407/411] -- PRTH: no row (thin history / delisted)
  ERR SWBI: Too Many Requests. Rate limited. Try after a while.
  [408/411] -- SWBI: no row (thin history / delisted)
  ERR RBRK: Too Many Requests. Rate limited. Try after a while.
  [409/411] -- RBRK: no row (thin history / delisted)
  ERR SSO: Too Many Requests. Rate limited. Try after a while.
  [410/411] -- SSO: no row (thin history / delisted)
  ERR VRT: Too Many Requests. Rate limited. Try after a while.
  [411/411] -- VRT: no row (thin history / delisted)
Still failing: []
