Cooling down 150s before touching Yahoo again…
Re-fetching 32 held tickers serially: ['ALAB', 'AMKR', 'APLD', 'APP', 'COCO', 'COIN', 'DELL', 'DIOD', 'DOCN', 'DRAM', 'FLEX', 'HOOD', 'ICHR', 'IREN', 'LQDA', 'LUNR', 'LUV', 'MXL', 'PLTR', 'PRTH', 'QBTS', 'QLD', 'RBRK', 'RGTI', 'RKLB', 'SNDK', 'SNOW', 'SPCX', 'SSO', 'SWBI', 'TSM', 'VRT']
  ok  [1/32] ALAB: 52 WEAK px=321.61
  ok  [2/32] AMKR: 61 WATCH px=58.99
  ok  [3/32] APLD: 71 WATCH px=31.2
  ok  [4/32] APP: 29 WEAK px=315.44
  ok  [5/32] COCO: 47 WEAK px=65.21
  ok  [6/32] COIN: 44 WEAK px=148.47
  ok  [7/32] DELL: 92 STRONG BUY px=490.81
  ok  [8/32] DIOD: 91 STRONG BUY px=103.48
  ok  [9/32] DOCN: 64 WATCH px=129.92
HTTP Error 404: {"quoteSummary":{"result":null,"error":{"code":"Not Found","description":"No fundamentals data found for symbol: DRAM"}}}
HTTP Error 404: {"quoteSummary":{"result":null,"error":{"code":"Not Found","description":"No fundamentals data found for symbol: DRAM"}}}
  ok  [10/32] DRAM: 44 WEAK px=57.32
  ok  [11/32] FLEX: 86 STRONG BUY px=126.16
  ok  [12/32] HOOD: 35 WEAK px=95.56
  ok  [13/32] ICHR: 31 WEAK px=71.05
  ok  [14/32] IREN: 59 WATCH px=44.06
  ok  [15/32] LQDA: 53 WEAK px=74.44
  ok  [16/32] LUNR: 71 WATCH px=19.01
  ok  [17/32] LUV: 67 WATCH px=44.26
  ok  [18/32] MXL: 88 STRONG BUY px=84.84
  ok  [19/32] PLTR: 80 STRONG BUY px=174.04
  ok  [20/32] PRTH: 22 WEAK px=5.49
  ok  [21/32] QBTS: 47 WEAK px=21.17
HTTP Error 404: {"quoteSummary":{"result":null,"error":{"code":"Not Found","description":"No fundamentals data found for symbol: QLD"}}}
HTTP Error 404: {"quoteSummary":{"result":null,"error":{"code":"Not Found","description":"No fundamentals data found for symbol: QLD"}}}
  ok  [22/32] QLD: 90 STRONG BUY px=94.15
  ok  [23/32] RBRK: 77 STRONG BUY px=102.23
  ok  [24/32] RGTI: 47 WEAK px=18.82
  ok  [25/32] RKLB: 46 WEAK px=80.25
  ok  [26/32] SNDK: 53 WEAK px=1641.11
  ok  [27/32] SNOW: 87 STRONG BUY px=328.92
  ok  [28/32] SPCX: 44 WEAK px=140.0
HTTP Error 404: {"quoteSummary":{"result":null,"error":{"code":"Not Found","description":"No fundamentals data found for symbol: SSO"}}}
HTTP Error 404: {"quoteSummary":{"result":null,"error":{"code":"Not Found","description":"No fundamentals data found for symbol: SSO"}}}
  ok  [29/32] SSO: 90 STRONG BUY px=72.2
  ok  [30/32] SWBI: 61 WATCH px=14.33
  ok  [31/32] TSM: 86 STRONG BUY px=426.35
  ok  [32/32] VRT: 86 STRONG BUY px=293.84

Patched 32 rows -> combined_results.json (now 455 stocks)
Still missing: []
