HTTP Error 404: {"quoteSummary":{"result":null,"error":{"code":"Not Found","description":"No fundamentals data found for symbol: DRAM"}}}
HTTP Error 404: {"quoteSummary":{"result":null,"error":{"code":"Not Found","description":"No fundamentals data found for symbol: DRAM"}}}
HTTP Error 404: {"quoteSummary":{"result":null,"error":{"code":"Not Found","description":"No fundamentals data found for symbol: QLD"}}}
HTTP Error 404: {"quoteSummary":{"result":null,"error":{"code":"Not Found","description":"No fundamentals data found for symbol: QLD"}}}
HTTP Error 404: {"quoteSummary":{"result":null,"error":{"code":"Not Found","description":"No fundamentals data found for symbol: SSO"}}}
HTTP Error 404: {"quoteSummary":{"result":null,"error":{"code":"Not Found","description":"No fundamentals data found for symbol: SSO"}}}
Re-fetching 32 missing held tickers: ['ALAB', 'AMKR', 'APLD', 'APP', 'COCO', 'COIN', 'DELL', 'DIOD', 'DOCN', 'DRAM', 'FLEX', 'HOOD', 'ICHR', 'IREN', 'LQDA', 'LUNR', 'LUV', 'MXL', 'PLTR', 'PRTH', 'QBTS', 'QLD', 'RBRK', 'RGTI', 'RKLB', 'SNDK', 'SNOW', 'SPCX', 'SSO', 'SWBI', 'TSM', 'VRT']
  ok  ALAB: 56 WATCH px=320.17
  ok  AMKR: 62 WATCH px=61.3
  ok  APLD: 66 WATCH px=31.18
  ok  APP: 29 WEAK px=311.98
  ok  COCO: 52 WEAK px=65.5
  ok  COIN: 42 WEAK px=150.55
  ok  DELL: 92 STRONG BUY px=479.67
  ok  DIOD: 89 STRONG BUY px=107.56
  ok  DOCN: 64 WATCH px=135.21
  ok  DRAM: 59 WATCH px=60.35
  ok  FLEX: 82 STRONG BUY px=130.0
  ok  HOOD: 46 WEAK px=96.25
  ok  ICHR: 46 WEAK px=71.87
  ok  IREN: 62 WATCH px=44.9
  ok  LQDA: 49 WEAK px=77.7
  ok  LUNR: 79 STRONG BUY px=20.38
  ok  LUV: 67 WATCH px=43.35
  ok  MXL: 76 STRONG BUY px=84.76
  ok  PLTR: 72 WATCH px=172.55
  ok  PRTH: 19 WEAK px=5.34
  ok  QBTS: 47 WEAK px=20.87
  ok  QLD: 90 STRONG BUY px=93.83
  ok  RBRK: 78 STRONG BUY px=101.08
  ok  RGTI: 49 WEAK px=18.67
  ok  RKLB: 72 WATCH px=82.08
  ok  SNDK: 85 STRONG BUY px=1786.85
  ok  SNOW: 87 STRONG BUY px=330.32
  ok  SPCX: 87 STRONG BUY px=146.23
  ok  SSO: 89 STRONG BUY px=71.51
  ok  SWBI: 62 WATCH px=14.15
  ok  TSM: 83 STRONG BUY px=430.95
  ok  VRT: 86 STRONG BUY px=292.58

Patched 32 rows -> combined_results.json (now 449 stocks)
Still missing: []
